﻿  Determinando los proyectos que se van a restaurar...
  Todos los proyectos est├ín actualizados para la restauraci├│n.
C:\Users\DAVID\RiderProjects\Azure\Components\Layout\MainLayout.razor(8,14): error CS0103: El nombre 'Body' no existe en el contexto actual [C:\Users\DAVID\RiderProjects\Azure\FacturApp.csproj::TargetFramework=net9.0-android]
C:\Users\DAVID\RiderProjects\Azure\Components\Pages\Home.razor(95,19): warning CS0618: 'Application.MainPage.get' est├í obsoleto: 'This property has been deprecated. For single-window applications, use Windows[0].Page. For multi-window applications, identify and use the appropriate Window object to access the desired Page. Additionally, each element features a Window property, accessible when it's part of the current window.' [C:\Users\DAVID\RiderProjects\Azure\FacturApp.csproj::TargetFramework=net9.0-android]
C:\Users\DAVID\RiderProjects\Azure\Components\Pages\InvoicePage.razor(177,19): warning CS0618: 'Application.MainPage.get' est├í obsoleto: 'This property has been deprecated. For single-window applications, use Windows[0].Page. For multi-window applications, identify and use the appropriate Window object to access the desired Page. Additionally, each element features a Window property, accessible when it's part of the current window.' [C:\Users\DAVID\RiderProjects\Azure\FacturApp.csproj::TargetFramework=net9.0-android]
C:\Users\DAVID\RiderProjects\Azure\Components\Pages\DocumentUploadPage.razor(150,19): warning CS0618: 'Application.MainPage.get' est├í obsoleto: 'This property has been deprecated. For single-window applications, use Windows[0].Page. For multi-window applications, identify and use the appropriate Window object to access the desired Page. Additionally, each element features a Window property, accessible when it's part of the current window.' [C:\Users\DAVID\RiderProjects\Azure\FacturApp.csproj::TargetFramework=net9.0-android]
C:\Users\DAVID\RiderProjects\Azure\Components\Layout\MainLayout.razor(8,14): error CS0103: El nombre 'Body' no existe en el contexto actual [C:\Users\DAVID\RiderProjects\Azure\FacturApp.csproj::TargetFramework=net9.0-windows10.0.19041.0]
C:\Users\DAVID\RiderProjects\Azure\Components\Pages\DocumentUploadPage.razor(150,19): warning CS0618: 'Application.MainPage.get' est├í obsoleto: 'This property has been deprecated. For single-window applications, use Windows[0].Page. For multi-window applications, identify and use the appropriate Window object to access the desired Page. Additionally, each element features a Window property, accessible when it's part of the current window.' [C:\Users\DAVID\RiderProjects\Azure\FacturApp.csproj::TargetFramework=net9.0-windows10.0.19041.0]
C:\Users\DAVID\RiderProjects\Azure\Components\Pages\Home.razor(95,19): warning CS0618: 'Application.MainPage.get' est├í obsoleto: 'This property has been deprecated. For single-window applications, use Windows[0].Page. For multi-window applications, identify and use the appropriate Window object to access the desired Page. Additionally, each element features a Window property, accessible when it's part of the current window.' [C:\Users\DAVID\RiderProjects\Azure\FacturApp.csproj::TargetFramework=net9.0-windows10.0.19041.0]
C:\Users\DAVID\RiderProjects\Azure\Components\Pages\InvoicePage.razor(177,19): warning CS0618: 'Application.MainPage.get' est├í obsoleto: 'This property has been deprecated. For single-window applications, use Windows[0].Page. For multi-window applications, identify and use the appropriate Window object to access the desired Page. Additionally, each element features a Window property, accessible when it's part of the current window.' [C:\Users\DAVID\RiderProjects\Azure\FacturApp.csproj::TargetFramework=net9.0-windows10.0.19041.0]

ERROR al compilar.

C:\Users\DAVID\RiderProjects\Azure\Components\Pages\Home.razor(95,19): warning CS0618: 'Application.MainPage.get' est├í obsoleto: 'This property has been deprecated. For single-window applications, use Windows[0].Page. For multi-window applications, identify and use the appropriate Window object to access the desired Page. Additionally, each element features a Window property, accessible when it's part of the current window.' [C:\Users\DAVID\RiderProjects\Azure\FacturApp.csproj::TargetFramework=net9.0-android]
C:\Users\DAVID\RiderProjects\Azure\Components\Pages\InvoicePage.razor(177,19): warning CS0618: 'Application.MainPage.get' est├í obsoleto: 'This property has been deprecated. For single-window applications, use Windows[0].Page. For multi-window applications, identify and use the appropriate Window object to access the desired Page. Additionally, each element features a Window property, accessible when it's part of the current window.' [C:\Users\DAVID\RiderProjects\Azure\FacturApp.csproj::TargetFramework=net9.0-android]
C:\Users\DAVID\RiderProjects\Azure\Components\Pages\DocumentUploadPage.razor(150,19): warning CS0618: 'Application.MainPage.get' est├í obsoleto: 'This property has been deprecated. For single-window applications, use Windows[0].Page. For multi-window applications, identify and use the appropriate Window object to access the desired Page. Additionally, each element features a Window property, accessible when it's part of the current window.' [C:\Users\DAVID\RiderProjects\Azure\FacturApp.csproj::TargetFramework=net9.0-android]
C:\Users\DAVID\RiderProjects\Azure\Components\Pages\DocumentUploadPage.razor(150,19): warning CS0618: 'Application.MainPage.get' est├í obsoleto: 'This property has been deprecated. For single-window applications, use Windows[0].Page. For multi-window applications, identify and use the appropriate Window object to access the desired Page. Additionally, each element features a Window property, accessible when it's part of the current window.' [C:\Users\DAVID\RiderProjects\Azure\FacturApp.csproj::TargetFramework=net9.0-windows10.0.19041.0]
C:\Users\DAVID\RiderProjects\Azure\Components\Pages\Home.razor(95,19): warning CS0618: 'Application.MainPage.get' est├í obsoleto: 'This property has been deprecated. For single-window applications, use Windows[0].Page. For multi-window applications, identify and use the appropriate Window object to access the desired Page. Additionally, each element features a Window property, accessible when it's part of the current window.' [C:\Users\DAVID\RiderProjects\Azure\FacturApp.csproj::TargetFramework=net9.0-windows10.0.19041.0]
C:\Users\DAVID\RiderProjects\Azure\Components\Pages\InvoicePage.razor(177,19): warning CS0618: 'Application.MainPage.get' est├í obsoleto: 'This property has been deprecated. For single-window applications, use Windows[0].Page. For multi-window applications, identify and use the appropriate Window object to access the desired Page. Additionally, each element features a Window property, accessible when it's part of the current window.' [C:\Users\DAVID\RiderProjects\Azure\FacturApp.csproj::TargetFramework=net9.0-windows10.0.19041.0]
C:\Users\DAVID\RiderProjects\Azure\Components\Layout\MainLayout.razor(8,14): error CS0103: El nombre 'Body' no existe en el contexto actual [C:\Users\DAVID\RiderProjects\Azure\FacturApp.csproj::TargetFramework=net9.0-android]
C:\Users\DAVID\RiderProjects\Azure\Components\Layout\MainLayout.razor(8,14): error CS0103: El nombre 'Body' no existe en el contexto actual [C:\Users\DAVID\RiderProjects\Azure\FacturApp.csproj::TargetFramework=net9.0-windows10.0.19041.0]
    6 Advertencia(s)
    2 Errores

Tiempo transcurrido 00:00:06.12

Hay actualizaciones de carga de trabajo disponibles. Ejecute "dotnet workload list" para obtener m├ís informaci├│n.
